tests/style/variables/variables0.c:1: ERROR: global variables are not allowed
tests/style/variables/variables0.c:2: ERROR: global variables are not allowed
tests/style/variables/variables0.c:3: ERROR: global variables are not allowed
tests/style/variables/variables0.c:4: ERROR: global variables are not allowed
total: 4 errors, 0 warnings, 4 lines checked
