tests/style/comments/comments0.c:3: ERROR: do not use C99 // comments
tests/style/comments/comments0.c:16: WARNING: Block comments use a trailing */ on a separate line
total: 1 errors, 1 warnings, 16 lines checked
